
> vite_react_shadcn_ts@0.0.0 build
> vite build

[36mvite v5.4.19 [32mbuilding for production...[36m[39m
transforming...

[1m[33mwarn[39m[22m - The class `duration-[3000ms]` is ambiguous and matches multiple utilities.
[1m[33mwarn[39m[22m - If this is content and not a class, replace it with `duration-&lsqb;3000ms&rsqb;` to silence this warning.
node_modules/next-themes/dist/index.module.js (1:3722): A comment

"/*#__PURE__*/"

in "node_modules/next-themes/dist/index.module.js" contains an annotation that Rollup cannot interpret due to the position of the comment. The comment will be removed to avoid issues.
[32m✓[39m 2135 modules transformed.
[31mx[39m Build failed in 5.87s
[31merror during build:
[31msrc/pages/Index.tsx (1:7): "default" is not exported by "src/components/Hero.tsx", imported by "src/pages/Index.tsx".[31m
file: [36mC:/Users/Pratul Venkatesh/Documents/GitHub/arplut-website/src/pages/Index.tsx:1:7[31m
[33m
1: import Hero from "@/components/Hero";
          ^
2: import ScrollingBanner from "@/components/ScrollingBanner";
3: import Features from "@/components/Features";
[31m
    at getRollupError (file:///C:/Users/Pratul%20Venkatesh/Documents/GitHub/arplut-website/node_modules/rollup/dist/es/shared/parseAst.js:395:41)
    at error (file:///C:/Users/Pratul%20Venkatesh/Documents/GitHub/arplut-website/node_modules/rollup/dist/es/shared/parseAst.js:391:42)
    at Module.error (file:///C:/Users/Pratul%20Venkatesh/Documents/GitHub/arplut-website/node_modules/rollup/dist/es/shared/node-entry.js:15535:16)
    at Module.traceVariable (file:///C:/Users/Pratul%20Venkatesh/Documents/GitHub/arplut-website/node_modules/rollup/dist/es/shared/node-entry.js:15984:29)
    at ModuleScope.findVariable (file:///C:/Users/Pratul%20Venkatesh/Documents/GitHub/arplut-website/node_modules/rollup/dist/es/shared/node-entry.js:13770:39)
    at ReturnValueScope.findVariable (file:///C:/Users/Pratul%20Venkatesh/Documents/GitHub/arplut-website/node_modules/rollup/dist/es/shared/node-entry.js:5252:38)
    at FunctionBodyScope.findVariable (file:///C:/Users/Pratul%20Venkatesh/Documents/GitHub/arplut-website/node_modules/rollup/dist/es/shared/node-entry.js:5252:38)
    at Identifier.bind (file:///C:/Users/Pratul%20Venkatesh/Documents/GitHub/arplut-website/node_modules/rollup/dist/es/shared/node-entry.js:5035:40)
    at CallExpression.bind (file:///C:/Users/Pratul%20Venkatesh/Documents/GitHub/arplut-website/node_modules/rollup/dist/es/shared/node-entry.js:2851:28)
    at CallExpression.bind (file:///C:/Users/Pratul%20Venkatesh/Documents/GitHub/arplut-website/node_modules/rollup/dist/es/shared/node-entry.js:11235:15)[39m
